update-alternatives 2022-05-31 15:42:13: run with --install /usr/bin/awk awk /usr/bin/mawk 5 --slave /usr/share/man/man1/awk.1.gz awk.1.gz /usr/share/man/man1/mawk.1.gz --slave /usr/bin/nawk nawk /usr/bin/mawk --slave /usr/share/man/man1/nawk.1.gz nawk.1.gz /usr/share/man/man1/mawk.1.gz
update-alternatives 2022-05-31 15:42:13: link group awk updated to point to /usr/bin/mawk
update-alternatives 2022-05-31 15:42:17: run with --install /usr/bin/which which /usr/bin/which.debianutils 0 --slave /usr/share/man/man1/which.1.gz which.1.gz /usr/share/man/man1/which.debianutils.1.gz --slave /usr/share/man/de/man1/which.1.gz which.de1.gz /usr/share/man/de/man1/which.debianutils.1.gz --slave /usr/share/man/es/man1/which.1.gz which.es1.gz /usr/share/man/es/man1/which.debianutils.1.gz --slave /usr/share/man/fr/man1/which.1.gz which.fr1.gz /usr/share/man/fr/man1/which.debianutils.1.gz --slave /usr/share/man/it/man1/which.1.gz which.it1.gz /usr/share/man/it/man1/which.debianutils.1.gz --slave /usr/share/man/ja/man1/which.1.gz which.ja1.gz /usr/share/man/ja/man1/which.debianutils.1.gz --slave /usr/share/man/pl/man1/which.1.gz which.pl1.gz /usr/share/man/pl/man1/which.debianutils.1.gz --slave /usr/share/man/sl/man1/which.1.gz which.sl1.gz /usr/share/man/sl/man1/which.debianutils.1.gz
update-alternatives 2022-05-31 15:42:17: link group which updated to point to /usr/bin/which.debianutils
update-alternatives 2022-05-31 15:42:17: run with --install /usr/bin/awk awk /usr/bin/mawk 5 --slave /usr/share/man/man1/awk.1.gz awk.1.gz /usr/share/man/man1/mawk.1.gz --slave /usr/bin/nawk nawk /usr/bin/mawk --slave /usr/share/man/man1/nawk.1.gz nawk.1.gz /usr/share/man/man1/mawk.1.gz
update-alternatives 2022-05-31 15:42:18: run with --install /usr/share/man/man7/builtins.7.gz builtins.7.gz /usr/share/man/man7/bash-builtins.7.gz 10
update-alternatives 2022-05-31 15:42:18: link group builtins.7.gz updated to point to /usr/share/man/man7/bash-builtins.7.gz
update-alternatives 2022-05-31 15:42:18: run with --install /usr/sbin/rmt rmt /usr/sbin/rmt-tar 50 --slave /usr/share/man/man8/rmt.8.gz rmt.8.gz /usr/share/man/man8/rmt-tar.8.gz
update-alternatives 2022-05-31 15:42:18: link group rmt updated to point to /usr/sbin/rmt-tar
update-alternatives 2022-05-31 15:42:19: run with --install /usr/bin/pager pager /bin/more 50 --slave /usr/share/man/man1/pager.1.gz pager.1.gz /usr/share/man/man1/more.1.gz
update-alternatives 2022-05-31 15:42:19: link group pager updated to point to /bin/more
update-alternatives 2022-05-31 15:42:31: run with --remove builtins.7.gz /usr/share/man/man7/bash-builtins.7.gz
update-alternatives 2022-05-31 15:42:31: link group builtins.7.gz fully removed
update-alternatives 2022-05-31 15:42:41: run with --install /usr/bin/which which /usr/bin/which.debianutils 0 --slave /usr/share/man/man1/which.1.gz which.1.gz /usr/share/man/man1/which.debianutils.1.gz --slave /usr/share/man/de/man1/which.1.gz which.de1.gz /usr/share/man/de/man1/which.debianutils.1.gz --slave /usr/share/man/es/man1/which.1.gz which.es1.gz /usr/share/man/es/man1/which.debianutils.1.gz --slave /usr/share/man/fr/man1/which.1.gz which.fr1.gz /usr/share/man/fr/man1/which.debianutils.1.gz --slave /usr/share/man/it/man1/which.1.gz which.it1.gz /usr/share/man/it/man1/which.debianutils.1.gz --slave /usr/share/man/ja/man1/which.1.gz which.ja1.gz /usr/share/man/ja/man1/which.debianutils.1.gz --slave /usr/share/man/pl/man1/which.1.gz which.pl1.gz /usr/share/man/pl/man1/which.debianutils.1.gz --slave /usr/share/man/sl/man1/which.1.gz which.sl1.gz /usr/share/man/sl/man1/which.debianutils.1.gz
update-alternatives 2022-05-31 15:42:41: auto-repair link group which
update-alternatives 2022-05-31 15:45:08: run with --install /usr/bin/awk awk /usr/bin/mawk 5 --slave /usr/share/man/man1/awk.1.gz awk.1.gz /usr/share/man/man1/mawk.1.gz --slave /usr/bin/nawk nawk /usr/bin/mawk --slave /usr/share/man/man1/nawk.1.gz nawk.1.gz /usr/share/man/man1/mawk.1.gz
update-alternatives 2022-05-31 15:45:08: auto-repair link group awk
update-alternatives 2022-05-31 15:45:26: run with --install /usr/sbin/rmt rmt /usr/sbin/rmt-tar 50 --slave /usr/share/man/man8/rmt.8.gz rmt.8.gz /usr/share/man/man8/rmt-tar.8.gz
update-alternatives 2022-05-31 15:45:26: auto-repair link group rmt
update-alternatives 2022-05-31 15:45:31: run with --install /usr/bin/pager pager /bin/more 50 --slave /usr/share/man/man1/pager.1.gz pager.1.gz /usr/share/man/man1/more.1.gz
update-alternatives 2022-05-31 15:45:31: auto-repair link group pager
update-alternatives 2022-08-09 18:04:23: run with --quiet --install /lib/cpp cpp /usr/bin/cpp 10
update-alternatives 2022-08-09 18:04:23: link group cpp updated to point to /usr/bin/cpp
update-alternatives 2022-08-09 18:04:27: run with --quiet --install /usr/bin/cc cc /usr/bin/gcc 20 --slave /usr/share/man/man1/cc.1.gz cc.1.gz /usr/share/man/man1/gcc.1.gz
update-alternatives 2022-08-09 18:04:27: link group cc updated to point to /usr/bin/gcc
update-alternatives 2022-08-09 18:04:27: run with --quiet --install /usr/bin/c89 c89 /usr/bin/c89-gcc 20 --slave /usr/share/man/man1/c89.1.gz c89.1.gz /usr/share/man/man1/c89-gcc.1.gz
update-alternatives 2022-08-09 18:04:27: link group c89 updated to point to /usr/bin/c89-gcc
update-alternatives 2022-08-09 18:04:27: run with --quiet --install /usr/bin/c99 c99 /usr/bin/c99-gcc 20 --slave /usr/share/man/man1/c99.1.gz c99.1.gz /usr/share/man/man1/c99-gcc.1.gz
update-alternatives 2022-08-09 18:04:27: link group c99 updated to point to /usr/bin/c99-gcc
update-alternatives 2022-08-09 18:04:54: run with --install /usr/bin/editor editor /bin/nano 40 --slave /usr/share/man/man1/editor.1.gz editor.1.gz /usr/share/man/man1/nano.1.gz
update-alternatives 2022-08-09 18:04:54: link group editor updated to point to /bin/nano
update-alternatives 2022-08-09 18:04:54: run with --install /usr/bin/pico pico /bin/nano 10 --slave /usr/share/man/man1/pico.1.gz pico.1.gz /usr/share/man/man1/nano.1.gz
update-alternatives 2022-08-09 18:04:54: link group pico updated to point to /bin/nano
update-alternatives 2022-08-09 18:53:29: run with --install /usr/bin/lzma lzma /usr/bin/xz 20 --slave /usr/share/man/man1/lzma.1.gz lzma.1.gz /usr/share/man/man1/xz.1.gz --slave /usr/bin/unlzma unlzma /usr/bin/unxz --slave /usr/share/man/man1/unlzma.1.gz unlzma.1.gz /usr/share/man/man1/unxz.1.gz --slave /usr/bin/lzcat lzcat /usr/bin/xzcat --slave /usr/share/man/man1/lzcat.1.gz lzcat.1.gz /usr/share/man/man1/xzcat.1.gz --slave /usr/bin/lzmore lzmore /usr/bin/xzmore --slave /usr/share/man/man1/lzmore.1.gz lzmore.1.gz /usr/share/man/man1/xzmore.1.gz --slave /usr/bin/lzless lzless /usr/bin/xzless --slave /usr/share/man/man1/lzless.1.gz lzless.1.gz /usr/share/man/man1/xzless.1.gz --slave /usr/bin/lzdiff lzdiff /usr/bin/xzdiff --slave /usr/share/man/man1/lzdiff.1.gz lzdiff.1.gz /usr/share/man/man1/xzdiff.1.gz --slave /usr/bin/lzcmp lzcmp /usr/bin/xzcmp --slave /usr/share/man/man1/lzcmp.1.gz lzcmp.1.gz /usr/share/man/man1/xzcmp.1.gz --slave /usr/bin/lzgrep lzgrep /usr/bin/xzgrep --slave /usr/share/man/man1/lzgrep.1.gz lzgrep.1.gz /usr/share/man/man1/xzgrep.1.gz --slave /usr/bin/lzegrep lzegrep /usr/bin/xzegrep --slave /usr/share/man/man1/lzegrep.1.gz lzegrep.1.gz /usr/share/man/man1/xzegrep.1.gz --slave /usr/bin/lzfgrep lzfgrep /usr/bin/xzfgrep --slave /usr/share/man/man1/lzfgrep.1.gz lzfgrep.1.gz /usr/share/man/man1/xzfgrep.1.gz
update-alternatives 2022-08-09 18:53:29: link group lzma updated to point to /usr/bin/xz
update-alternatives 2022-08-09 18:53:43: run with --quiet --install /usr/bin/pinentry pinentry /usr/bin/pinentry-curses 50 --slave /usr/share/man/man1/pinentry.1.gz pinentry.1.gz /usr/share/man/man1/pinentry-curses.1.gz
update-alternatives 2022-08-09 18:53:43: link group pinentry updated to point to /usr/bin/pinentry-curses
update-alternatives 2022-08-09 14:11:29: run with --install /usr/bin/fakeroot fakeroot /usr/bin/fakeroot-sysv 50 --slave /usr/share/man/man1/fakeroot.1.gz fakeroot.1.gz /usr/share/man/man1/fakeroot-sysv.1.gz --slave /usr/share/man/man1/faked.1.gz faked.1.gz /usr/share/man/man1/faked-sysv.1.gz --slave /usr/share/man/es/man1/fakeroot.1.gz fakeroot.es.1.gz /usr/share/man/es/man1/fakeroot-sysv.1.gz --slave /usr/share/man/es/man1/faked.1.gz faked.es.1.gz /usr/share/man/es/man1/faked-sysv.1.gz --slave /usr/share/man/fr/man1/fakeroot.1.gz fakeroot.fr.1.gz /usr/share/man/fr/man1/fakeroot-sysv.1.gz --slave /usr/share/man/fr/man1/faked.1.gz faked.fr.1.gz /usr/share/man/fr/man1/faked-sysv.1.gz --slave /usr/share/man/sv/man1/fakeroot.1.gz fakeroot.sv.1.gz /usr/share/man/sv/man1/fakeroot-sysv.1.gz --slave /usr/share/man/sv/man1/faked.1.gz faked.sv.1.gz /usr/share/man/sv/man1/faked-sysv.1.gz
update-alternatives 2022-08-09 14:11:29: link group fakeroot updated to point to /usr/bin/fakeroot-sysv
update-alternatives 2022-08-09 14:11:29: run with --install /usr/bin/fakeroot fakeroot /usr/bin/fakeroot-tcp 30 --slave /usr/share/man/man1/fakeroot.1.gz fakeroot.1.gz /usr/share/man/man1/fakeroot-tcp.1.gz --slave /usr/share/man/man1/faked.1.gz faked.1.gz /usr/share/man/man1/faked-tcp.1.gz --slave /usr/share/man/es/man1/fakeroot.1.gz fakeroot.es.1.gz /usr/share/man/es/man1/fakeroot-tcp.1.gz --slave /usr/share/man/es/man1/faked.1.gz faked.es.1.gz /usr/share/man/es/man1/faked-tcp.1.gz --slave /usr/share/man/fr/man1/fakeroot.1.gz fakeroot.fr.1.gz /usr/share/man/fr/man1/fakeroot-tcp.1.gz --slave /usr/share/man/fr/man1/faked.1.gz faked.fr.1.gz /usr/share/man/fr/man1/faked-tcp.1.gz --slave /usr/share/man/sv/man1/fakeroot.1.gz fakeroot.sv.1.gz /usr/share/man/sv/man1/fakeroot-tcp.1.gz --slave /usr/share/man/sv/man1/faked.1.gz faked.sv.1.gz /usr/share/man/sv/man1/faked-tcp.1.gz
update-alternatives 2022-08-09 14:11:31: run with --install /usr/lib/x86_64-linux-gnu/libblas.so.3 libblas.so.3-x86_64-linux-gnu /usr/lib/x86_64-linux-gnu/blas/libblas.so.3 10
update-alternatives 2022-08-09 14:11:31: link group libblas.so.3-x86_64-linux-gnu updated to point to /usr/lib/x86_64-linux-gnu/blas/libblas.so.3
update-alternatives 2022-08-09 14:11:46: run with --install /usr/bin/open open /usr/bin/xdg-open 50 --slave /usr/share/man/man1/open.1.gz open.1.gz /usr/share/man/man1/xdg-open.1.gz
update-alternatives 2022-08-09 14:11:46: link group open updated to point to /usr/bin/xdg-open
update-alternatives 2022-08-09 14:11:48: run with --install /usr/lib/x86_64-linux-gnu/libblas.so libblas.so-x86_64-linux-gnu /usr/lib/x86_64-linux-gnu/blas/libblas.so 10 --slave /usr/lib/x86_64-linux-gnu/libblas.a libblas.a-x86_64-linux-gnu /usr/lib/x86_64-linux-gnu/blas/libblas.a --slave /usr/include/x86_64-linux-gnu/cblas.h cblas.h-x86_64-linux-gnu /usr/include/x86_64-linux-gnu/cblas-netlib.h --slave /usr/lib/x86_64-linux-gnu/pkgconfig/blas.pc blas.pc-x86_64-linux-gnu /usr/lib/x86_64-linux-gnu/pkgconfig/blas-netlib.pc
update-alternatives 2022-08-09 14:11:48: link group libblas.so-x86_64-linux-gnu updated to point to /usr/lib/x86_64-linux-gnu/blas/libblas.so
update-alternatives 2022-08-09 14:11:51: run with --install /usr/lib/x86_64-linux-gnu/liblapack.so.3 liblapack.so.3-x86_64-linux-gnu /usr/lib/x86_64-linux-gnu/lapack/liblapack.so.3 10
update-alternatives 2022-08-09 14:11:51: link group liblapack.so.3-x86_64-linux-gnu updated to point to /usr/lib/x86_64-linux-gnu/lapack/liblapack.so.3
update-alternatives 2022-08-09 14:11:58: run with --install /usr/lib/x86_64-linux-gnu/liblapack.so liblapack.so-x86_64-linux-gnu /usr/lib/x86_64-linux-gnu/lapack/liblapack.so 10 --slave /usr/lib/x86_64-linux-gnu/liblapack.a liblapack.a-x86_64-linux-gnu /usr/lib/x86_64-linux-gnu/lapack/liblapack.a --slave /usr/lib/x86_64-linux-gnu/pkgconfig/lapack.pc lapack.pc-x86_64-linux-gnu /usr/lib/x86_64-linux-gnu/pkgconfig/lapack-netlib.pc
update-alternatives 2022-08-09 14:11:58: link group liblapack.so-x86_64-linux-gnu updated to point to /usr/lib/x86_64-linux-gnu/lapack/liblapack.so
update-alternatives 2022-08-09 14:11:59: run with --install /usr/bin/c++ c++ /usr/bin/g++ 20 --slave /usr/share/man/man1/c++.1.gz c++.1.gz /usr/share/man/man1/g++.1.gz
update-alternatives 2022-08-09 14:11:59: link group c++ updated to point to /usr/bin/g++
update-alternatives 2022-08-09 14:12:24: run with --install /usr/bin/f95 f95 /usr/bin/gfortran 20 --slave /usr/share/man/man1/f95.1.gz f95.1.gz /usr/share/man/man1/gfortran.1.gz
update-alternatives 2022-08-09 14:12:24: link group f95 updated to point to /usr/bin/gfortran
update-alternatives 2022-08-09 14:12:26: run with --install /usr/bin/f77 f77 /usr/bin/gfortran 20 --slave /usr/share/man/man1/f77.1.gz f77.1.gz /usr/share/man/man1/gfortran.1.gz
update-alternatives 2022-08-09 14:12:26: link group f77 updated to point to /usr/bin/gfortran
update-alternatives 2022-08-09 14:14:28: run with --install /usr/share/icons/default/index.theme x-cursor-theme /usr/share/icons/Adwaita/cursor.theme 90
update-alternatives 2022-08-09 14:14:28: link group x-cursor-theme updated to point to /usr/share/icons/Adwaita/cursor.theme
update-alternatives 2022-08-09 14:14:37: run with --install /usr/bin/x-terminal-emulator x-terminal-emulator /usr/bin/tilix.wrapper 30 --slave /usr/share/man/man1/x-terminal-emulator.1.gz x-terminal-emulator.1.gz /usr/share/man/man1/tilix.1.gz
update-alternatives 2022-08-09 14:14:37: link group x-terminal-emulator updated to point to /usr/bin/tilix.wrapper
update-alternatives 2022-08-10 01:06:25: run with --remove c++ /usr/bin/g++
update-alternatives 2022-08-10 01:06:25: link group c++ fully removed
update-alternatives 2022-08-10 01:06:31: run with --remove fakeroot /usr/bin/fakeroot-sysv
update-alternatives 2022-08-10 01:06:31: link group fakeroot updated to point to /usr/bin/fakeroot-tcp
update-alternatives 2022-08-10 01:06:31: run with --remove fakeroot /usr/bin/fakeroot-tcp
update-alternatives 2022-08-10 01:06:31: link group fakeroot fully removed
update-alternatives 2022-08-10 01:06:33: run with --remove f95 /usr/bin/gfortran
update-alternatives 2022-08-10 01:06:33: link group f95 fully removed
update-alternatives 2022-08-10 01:06:33: run with --remove f77 /usr/bin/gfortran
update-alternatives 2022-08-10 01:06:33: link group f77 fully removed
update-alternatives 2022-08-10 01:06:35: run with --quiet --remove cc /usr/bin/gcc
update-alternatives 2022-08-10 01:06:35: link group cc fully removed
update-alternatives 2022-08-10 01:06:35: run with --quiet --remove c89 /usr/bin/c89-gcc
update-alternatives 2022-08-10 01:06:35: link group c89 fully removed
update-alternatives 2022-08-10 01:06:35: run with --quiet --remove c99 /usr/bin/c99-gcc
update-alternatives 2022-08-10 01:06:35: link group c99 fully removed
update-alternatives 2022-08-10 01:06:48: run with --remove liblapack.so-x86_64-linux-gnu /usr/lib/x86_64-linux-gnu/lapack/liblapack.so
update-alternatives 2022-08-10 01:06:48: link group liblapack.so-x86_64-linux-gnu fully removed
update-alternatives 2022-08-10 01:06:50: run with --remove libblas.so-x86_64-linux-gnu /usr/lib/x86_64-linux-gnu/blas/libblas.so
update-alternatives 2022-08-10 01:06:50: link group libblas.so-x86_64-linux-gnu fully removed
update-alternatives 2022-10-14 13:57:25: run with --quiet --install /usr/bin/cc cc /usr/bin/gcc 20 --slave /usr/share/man/man1/cc.1.gz cc.1.gz /usr/share/man/man1/gcc.1.gz
update-alternatives 2022-10-14 13:57:25: link group cc updated to point to /usr/bin/gcc
update-alternatives 2022-10-14 13:57:25: run with --quiet --install /usr/bin/c89 c89 /usr/bin/c89-gcc 20 --slave /usr/share/man/man1/c89.1.gz c89.1.gz /usr/share/man/man1/c89-gcc.1.gz
update-alternatives 2022-10-14 13:57:25: link group c89 updated to point to /usr/bin/c89-gcc
update-alternatives 2022-10-14 13:57:25: run with --quiet --install /usr/bin/c99 c99 /usr/bin/c99-gcc 20 --slave /usr/share/man/man1/c99.1.gz c99.1.gz /usr/share/man/man1/c99-gcc.1.gz
update-alternatives 2022-10-14 13:57:25: link group c99 updated to point to /usr/bin/c99-gcc
